AR mux8x1_v8 behavioral /media/raven/yaoya_rozo/Semster-6/ISE/CA-Project3/MUX8X1_v8.vhd sub00/vhpl03 1622316050
EN com_bus NULL /media/raven/yaoya_rozo/Semster-6/ISE/CA-Project3/COM_BUS.vhd sub00/vhpl24 1622316071
AR com_bus behavioral /media/raven/yaoya_rozo/Semster-6/ISE/CA-Project3/COM_BUS.vhd sub00/vhpl25 1622316072
AR reg behavioral /media/raven/yaoya_rozo/Semster-6/ISE/CA-Project3/REG.vhd sub00/vhpl13 1622316060
AR main behavioral /media/raven/yaoya_rozo/Semster-6/ISE/CA-Project3/main.vhd sub00/vhpl27 1622316074
AR dec2x4 behavioral /media/raven/yaoya_rozo/Semster-6/ISE/CA-Project3/DEC2X4.vhd sub00/vhpl05 1622316052
AR control_unit behavioral /media/raven/yaoya_rozo/Semster-6/ISE/CA-Project3/Control_Unit.vhd sub00/vhpl21 1622316068
EN dec2x4 NULL /media/raven/yaoya_rozo/Semster-6/ISE/CA-Project3/DEC2X4.vhd sub00/vhpl04 1622316051
PH pack NULL /media/raven/yaoya_rozo/Semster-6/ISE/CA-Project3/Pack.vhd sub00/vhpl00 1622316047
EN encoder8x3 NULL /media/raven/yaoya_rozo/Semster-6/ISE/CA-Project3/Encoder8X3.vhd sub00/vhpl22 1622316069
EN mem NULL /media/raven/yaoya_rozo/Semster-6/ISE/CA-Project3/MEM.vhd sub00/vhpl14 1622316061
AR encoder8x3 encode /media/raven/yaoya_rozo/Semster-6/ISE/CA-Project3/Encoder8X3.vhd sub00/vhpl23 1622316070
EN dec3x8 NULL /media/raven/yaoya_rozo/Semster-6/ISE/CA-Project3/DEC3X8.vhd sub00/vhpl06 1622316053
PB pack pack /media/raven/yaoya_rozo/Semster-6/ISE/CA-Project3/Pack.vhd sub00/vhpl01 1622316048
EN main NULL /media/raven/yaoya_rozo/Semster-6/ISE/CA-Project3/main.vhd sub00/vhpl26 1622316073
EN mux8x1_v8 NULL /media/raven/yaoya_rozo/Semster-6/ISE/CA-Project3/MUX8X1_v8.vhd sub00/vhpl02 1622316049
AR mem behavioral /media/raven/yaoya_rozo/Semster-6/ISE/CA-Project3/MEM.vhd sub00/vhpl15 1622316062
AR dec3x8 behavioral /media/raven/yaoya_rozo/Semster-6/ISE/CA-Project3/DEC3X8.vhd sub00/vhpl07 1622316054
AR counter4 count_arch /media/raven/yaoya_rozo/Semster-6/ISE/CA-Project3/Counter4.vhd sub00/vhpl19 1622316066
EN encoder4x2 NULL /media/raven/yaoya_rozo/Semster-6/ISE/CA-Project3/Encoder4X2.vhd sub00/vhpl08 1622316055
AR alu behavioral /media/raven/yaoya_rozo/Semster-6/ISE/CA-Project3/ALU.vhd sub00/vhpl17 1622316064
EN mux4x1_v8 NULL /media/raven/yaoya_rozo/Semster-6/ISE/CA-Project3/MUX4X1_v8.vhd sub00/vhpl10 1622316057
AR encoder4x2 bhv /media/raven/yaoya_rozo/Semster-6/ISE/CA-Project3/Encoder4X2.vhd sub00/vhpl09 1622316056
EN control_unit NULL /media/raven/yaoya_rozo/Semster-6/ISE/CA-Project3/Control_Unit.vhd sub00/vhpl20 1622316067
EN reg NULL /media/raven/yaoya_rozo/Semster-6/ISE/CA-Project3/REG.vhd sub00/vhpl12 1622316059
EN counter4 NULL /media/raven/yaoya_rozo/Semster-6/ISE/CA-Project3/Counter4.vhd sub00/vhpl18 1622316065
EN alu NULL /media/raven/yaoya_rozo/Semster-6/ISE/CA-Project3/ALU.vhd sub00/vhpl16 1622316063
AR mux4x1_v8 behavioral /media/raven/yaoya_rozo/Semster-6/ISE/CA-Project3/MUX4X1_v8.vhd sub00/vhpl11 1622316058
