V3 66
FL /media/raven/yaoya_rozo/Semster-6/ISE/CA-Project3/ALU.vhd 2021/05/29.21:14:06 P.20131013
EN work/ALU 1622316063 \
      FL /media/raven/yaoya_rozo/Semster-6/ISE/CA-Project3/ALU.vhd \
      PB ieee/std_logic_1164 1381692176 PB work/Pack 1622316048 \
      PB ieee/STD_LOGIC_UNSIGNED 1381692179
AR work/ALU/Behavioral 1622316064 \
      FL /media/raven/yaoya_rozo/Semster-6/ISE/CA-Project3/ALU.vhd EN work/ALU 1622316063 \
      CP Encoder4X2 CP MUX4X1_v8
FL /media/raven/yaoya_rozo/Semster-6/ISE/CA-Project3/COM_BUS.vhd 2021/05/29.21:17:29 P.20131013
EN work/COM_BUS 1622316071 \
      FL /media/raven/yaoya_rozo/Semster-6/ISE/CA-Project3/COM_BUS.vhd \
      PB ieee/std_logic_1164 1381692176 PB work/Pack 1622316048
AR work/COM_BUS/Behavioral 1622316072 \
      FL /media/raven/yaoya_rozo/Semster-6/ISE/CA-Project3/COM_BUS.vhd \
      EN work/COM_BUS 1622316071 CP MUX8X1_V8
FL /media/raven/yaoya_rozo/Semster-6/ISE/CA-Project3/Control_Unit.vhd 2021/05/29.21:13:50 P.20131013
EN work/Control_Unit 1622316067 \
      FL /media/raven/yaoya_rozo/Semster-6/ISE/CA-Project3/Control_Unit.vhd \
      PB ieee/std_logic_1164 1381692176 PB work/Pack 1622316048
AR work/Control_Unit/Behavioral 1622316068 \
      FL /media/raven/yaoya_rozo/Semster-6/ISE/CA-Project3/Control_Unit.vhd \
      EN work/Control_Unit 1622316067 CP Dec2x4 CP Dec3x8
FL /media/raven/yaoya_rozo/Semster-6/ISE/CA-Project3/Counter4.vhd 2021/05/29.21:13:29 P.20131013
EN work/Counter4 1622316065 \
      FL /media/raven/yaoya_rozo/Semster-6/ISE/CA-Project3/Counter4.vhd \
      PB ieee/std_logic_1164 1381692176 PB ieee/std_logic_arith 1381692177 \
      PB ieee/STD_LOGIC_UNSIGNED 1381692179
AR work/Counter4/count_arch 1622316066 \
      FL /media/raven/yaoya_rozo/Semster-6/ISE/CA-Project3/Counter4.vhd \
      EN work/Counter4 1622316065
FL /media/raven/yaoya_rozo/Semster-6/ISE/CA-Project3/DEC2X4.vhd 2021/05/29.21:13:04 P.20131013
EN work/DEC2X4 1622316051 \
      FL /media/raven/yaoya_rozo/Semster-6/ISE/CA-Project3/DEC2X4.vhd \
      PB ieee/std_logic_1164 1381692176
AR work/DEC2X4/Behavioral 1622316052 \
      FL /media/raven/yaoya_rozo/Semster-6/ISE/CA-Project3/DEC2X4.vhd \
      EN work/DEC2X4 1622316051
FL /media/raven/yaoya_rozo/Semster-6/ISE/CA-Project3/DEC3X8.vhd 2021/05/29.21:12:38 P.20131013
EN work/DEC3X8 1622316053 \
      FL /media/raven/yaoya_rozo/Semster-6/ISE/CA-Project3/DEC3X8.vhd \
      PB ieee/std_logic_1164 1381692176
AR work/DEC3X8/Behavioral 1622316054 \
      FL /media/raven/yaoya_rozo/Semster-6/ISE/CA-Project3/DEC3X8.vhd \
      EN work/DEC3X8 1622316053
FL /media/raven/yaoya_rozo/Semster-6/ISE/CA-Project3/Encoder4X2.vhd 2021/05/29.21:11:01 P.20131013
EN work/Encoder4X2 1622316055 \
      FL /media/raven/yaoya_rozo/Semster-6/ISE/CA-Project3/Encoder4X2.vhd \
      PB ieee/std_logic_1164 1381692176
AR work/Encoder4X2/bhv 1622316056 \
      FL /media/raven/yaoya_rozo/Semster-6/ISE/CA-Project3/Encoder4X2.vhd \
      EN work/Encoder4X2 1622316055
FL /media/raven/yaoya_rozo/Semster-6/ISE/CA-Project3/Encoder8X3.vhd 2021/05/29.21:09:55 P.20131013
EN work/Encoder8x3 1622316069 \
      FL /media/raven/yaoya_rozo/Semster-6/ISE/CA-Project3/Encoder8X3.vhd \
      PB ieee/std_logic_1164 1381692176
AR work/Encoder8x3/encode 1622316070 \
      FL /media/raven/yaoya_rozo/Semster-6/ISE/CA-Project3/Encoder8X3.vhd \
      EN work/Encoder8x3 1622316069
FL /media/raven/yaoya_rozo/Semster-6/ISE/CA-Project3/main.vhd 2021/05/29.21:20:37 P.20131013
EN work/main 1622316073 \
      FL /media/raven/yaoya_rozo/Semster-6/ISE/CA-Project3/main.vhd \
      PB ieee/std_logic_1164 1381692176 PB work/Pack 1622316048
AR work/main/Behavioral 1622316074 \
      FL /media/raven/yaoya_rozo/Semster-6/ISE/CA-Project3/main.vhd EN work/main 1622316073 \
      CP REG CP MEM CP ALU CP COUNTER4 CP CONTROL_UNIT CP ENCODER8X3 CP COM_BUS
FL /media/raven/yaoya_rozo/Semster-6/ISE/CA-Project3/MEM.vhd 2021/05/29.21:08:43 P.20131013
EN work/MEM 1622316061 \
      FL /media/raven/yaoya_rozo/Semster-6/ISE/CA-Project3/MEM.vhd \
      PB ieee/std_logic_1164 1381692176 PB ieee/std_logic_arith 1381692177 \
      PB ieee/STD_LOGIC_UNSIGNED 1381692179
AR work/MEM/Behavioral 1622316062 \
      FL /media/raven/yaoya_rozo/Semster-6/ISE/CA-Project3/MEM.vhd EN work/MEM 1622316061
FL /media/raven/yaoya_rozo/Semster-6/ISE/CA-Project3/MUX4X1_v8.vhd 2021/05/29.21:07:04 P.20131013
EN work/MUX4X1_v8 1622316057 \
      FL /media/raven/yaoya_rozo/Semster-6/ISE/CA-Project3/MUX4X1_v8.vhd \
      PB ieee/std_logic_1164 1381692176
AR work/MUX4X1_v8/Behavioral 1622316058 \
      FL /media/raven/yaoya_rozo/Semster-6/ISE/CA-Project3/MUX4X1_v8.vhd \
      EN work/MUX4X1_v8 1622316057
FL /media/raven/yaoya_rozo/Semster-6/ISE/CA-Project3/MUX8X1_v8.vhd 2021/05/29.21:06:27 P.20131013
EN work/MUX8X1_v8 1622316049 \
      FL /media/raven/yaoya_rozo/Semster-6/ISE/CA-Project3/MUX8X1_v8.vhd \
      PB ieee/std_logic_1164 1381692176
AR work/MUX8X1_v8/Behavioral 1622316050 \
      FL /media/raven/yaoya_rozo/Semster-6/ISE/CA-Project3/MUX8X1_v8.vhd \
      EN work/MUX8X1_v8 1622316049
FL /media/raven/yaoya_rozo/Semster-6/ISE/CA-Project3/Pack.vhd 2021/05/29.21:05:30 P.20131013
PH work/Pack 1622316047 \
      FL /media/raven/yaoya_rozo/Semster-6/ISE/CA-Project3/Pack.vhd \
      PB ieee/std_logic_1164 1381692176 CD REG CD MUX4X1_v8 CD MUX8X1_v8 CD DEC2X4 \
      CD DEC3X8 CD Encoder4X2 CD Encoder8x3 CD MEM CD Counter4 CD Control_Unit CD ALU \
      CD COM_BUS
PB work/Pack 1622316048 \
      FL /media/raven/yaoya_rozo/Semster-6/ISE/CA-Project3/Pack.vhd PH work/Pack 1622316047
FL /media/raven/yaoya_rozo/Semster-6/ISE/CA-Project3/REG.vhd 2021/05/29.21:05:03 P.20131013
EN work/REG 1622316059 \
      FL /media/raven/yaoya_rozo/Semster-6/ISE/CA-Project3/REG.vhd \
      PB ieee/std_logic_1164 1381692176 PB ieee/STD_LOGIC_UNSIGNED 1381692179
AR work/REG/Behavioral 1622316060 \
      FL /media/raven/yaoya_rozo/Semster-6/ISE/CA-Project3/REG.vhd EN work/REG 1622316059
